// Jest Snapshot v1, https://goo.gl/fbAQLP

exports[`logger should create new logger with info level correctly 1`] = `
[
  [
    "[1m[31merror  [39m[22m this is a error message",
  ],
  [
    "[1m[36minfo   [39m[22m this is an info message",
  ],
  [
    "[1m[33mwarn   [39m[22m this is a warn message",
  ],
  [
    "[1m[32mready  [39m[22m this is a ready message",
  ],
  [
    "[1m[32msuccess[39m[22m this is a success message",
  ],
]
`;

exports[`logger should create new logger with warn level correctly 1`] = `
[
  [
    "[1m[31merror  [39m[22m this is a error message",
  ],
  [
    "[1m[33mwarn   [39m[22m this is a warn message",
  ],
]
`;

exports[`logger should log as expected 1`] = `
[
  [
    "[1m[38;2;179;250;236mðŸ˜Š[39m[38;2;179;250;236m [39m[38;2;170;245;228mR[39m[38;2;160;240;221ms[39m[38;2;151;235;213ml[39m[38;2;141;230;206mo[39m[38;2;131;224;199mg[39m[38;2;131;224;199m [39m[38;2;122;219;191mv[39m[38;2;112;214;184m1[39m[38;2;103;209;176m.[39m[38;2;93;204;169m0[39m[38;2;84;199;161m.[39m[38;2;74;194;154m0[39m[38;2;74;194;154m
[39m[22m",
  ],
  [
    "this is a log message",
  ],
  [
    "[1m[36minfo   [39m[22m this is an info message",
  ],
  [
    "[1m[33mwarn   [39m[22m this is a warn message",
  ],
  [
    "[1m[32mready  [39m[22m this is a ready message",
  ],
  [
    "[1m[32msuccess[39m[22m this is a success message",
  ],
]
`;

exports[`logger should log error with stack correctly 1`] = `
[1m[31merror  [39m[22m this is an error message
[90m    at Object.<anonymous> (<ROOT>/tests/logger.test.ts:67:18)
    at Promise.then.completed (<ROOT>/node_modules/.pnpm/jest-circus@29.7.0/node_modules/jest-circus/build/utils.js:298:28)
    at new Promise (<anonymous>)
    at callAsyncCircusFn (<ROOT>/node_modules/.pnpm/jest-circus@29.7.0/node_modules/jest-circus/build/utils.js:231:10)
    at _callCircusTest (<ROOT>/node_modules/.pnpm/jest-circus@29.7.0/node_modules/jest-circus/build/run.js:316:40)
    at processTicksAndRejections (node:internal/process/task_queues:95:5)
    at _runTest (<ROOT>/node_modules/.pnpm/jest-circus@29.7.0/node_modules/jest-circus/build/run.js:252:3)
    at _runTestsForDescribeBlock (<ROOT>/node_modules/.pnpm/jest-circus@29.7.0/node_modules/jest-circus/build/run.js:126:9)
    at _runTestsForDescribeBlock (<ROOT>/node_modules/.pnpm/jest-circus@29.7.0/node_modules/jest-circus/build/run.js:121:9)
    at run (<ROOT>/node_modules/.pnpm/jest-circus@29.7.0/node_modules/jest-circus/build/run.js:71:3)
    at runAndTransformResultsToJestFormat (<ROOT>/node_modules/.pnpm/jest-circus@29.7.0/node_modules/jest-circus/build/legacy-code-todo-rewrite/jestAdapterInit.js:122:21)
    at jestAdapter (<ROOT>/node_modules/.pnpm/jest-circus@29.7.0/node_modules/jest-circus/build/legacy-code-todo-rewrite/jestAdapter.js:79:19)
    at runTestInternal (<ROOT>/node_modules/.pnpm/jest-runner@29.7.0/node_modules/jest-runner/build/runTest.js:367:16)
    at runTest (<ROOT>/node_modules/.pnpm/jest-runner@29.7.0/node_modules/jest-runner/build/runTest.js:444:34)
    at Object.worker (<ROOT>/node_modules/.pnpm/jest-runner@29.7.0/node_modules/jest-runner/build/testWorker.js:106:12)[39m
`;
