// Vitest Snapshot v1, https://vitest.dev/guide/snapshot.html

exports[`label handling > should handle missing label in log type 1`] = `
[
  [
    "test message",
  ],
]
`;
